// Jest Snapshot v1, https://goo.gl/fbAQLP

exports[`Score should match component snapshot 1`] = `ShallowWrapper {}`;
