// Jest Snapshot v1, https://goo.gl/fbAQLP

exports[`ConfDialog should match snapshot 1`] = `ShallowWrapper {}`;
