// Jest Snapshot v1, https://goo.gl/fbAQLP

exports[`AgentInput should match component snapshot 1`] = `ShallowWrapper {}`;
