// Jest Snapshot v1, https://goo.gl/fbAQLP

exports[`RuleList should match component snapshot 1`] = `ShallowWrapper {}`;
