// Jest Snapshot v1, https://goo.gl/fbAQLP

exports[`Cable should match Snapshot 1`] = `ShallowWrapper {}`;
