// Jest Snapshot v1, https://goo.gl/fbAQLP

exports[`App should match component snapshot 1`] = `ShallowWrapper {}`;
