// Jest Snapshot v1, https://goo.gl/fbAQLP

exports[`StartScreen should match component snapshot 1`] = `ShallowWrapper {}`;
