// Jest Snapshot v1, https://goo.gl/fbAQLP

exports[`NewGame should match component snapshot 1`] = `ShallowWrapper {}`;
